
  .   ____          _            __ _ _
 /\\ / ___'_ __ _ _(_)_ __  __ _ \ \ \ \
( ( )\___ | '_ | '_| | '_ \/ _` | \ \ \ \
 \\/  ___)| |_)| | | | | || (_| |  ) ) ) )
  '  |____| .__|_| |_|_| |_\__, | / / / /
 =========|_|==============|___/=/_/_/_/
 :: Spring Boot ::                (v3.2.0)

2026-04-17T18:11:30.981+05:30  INFO 19056 --- [           main] com.ecommerce.EcommerceApplication       : Starting EcommerceApplication v1.0.0 using Java 21.0.9 with PID 19056 (E:\Demo_Ecommerce\backend\target\ecommerce-backend-1.0.0.jar started by Admin in e:\Demo_Ecommerce\backend)
2026-04-17T18:11:30.985+05:30  INFO 19056 --- [           main] com.ecommerce.EcommerceApplication       : No active profile set, falling back to 1 default profile: "default"
2026-04-17T18:11:32.655+05:30  INFO 19056 --- [           main] .s.d.r.c.RepositoryConfigurationDelegate : Bootstrapping Spring Data JPA repositories in DEFAULT mode.
2026-04-17T18:11:32.794+05:30  INFO 19056 --- [           main] .s.d.r.c.RepositoryConfigurationDelegate : Finished Spring Data repository scanning in 127 ms. Found 9 JPA repository interfaces.
2026-04-17T18:11:33.981+05:30  INFO 19056 --- [           main] o.s.b.w.embedded.tomcat.TomcatWebServer  : Tomcat initialized with port 8080 (http)
2026-04-17T18:11:33.999+05:30  INFO 19056 --- [           main] o.apache.catalina.core.StandardService   : Starting service [Tomcat]
2026-04-17T18:11:34.000+05:30  INFO 19056 --- [           main] o.apache.catalina.core.StandardEngine    : Starting Servlet engine: [Apache Tomcat/10.1.16]
2026-04-17T18:11:34.086+05:30  INFO 19056 --- [           main] o.a.c.c.C.[Tomcat].[localhost].[/]       : Initializing Spring embedded WebApplicationContext
2026-04-17T18:11:34.090+05:30  INFO 19056 --- [           main] w.s.c.ServletWebServerApplicationContext : Root WebApplicationContext: initialization completed in 2993 ms
2026-04-17T18:11:34.242+05:30  INFO 19056 --- [           main] com.zaxxer.hikari.HikariDataSource       : HikariPool-1 - Starting...
2026-04-17T18:11:35.392+05:30  INFO 19056 --- [           main] com.zaxxer.hikari.pool.HikariPool        : HikariPool-1 - Added connection com.mysql.cj.jdbc.ConnectionImpl@797fcf9
2026-04-17T18:11:35.396+05:30  INFO 19056 --- [           main] com.zaxxer.hikari.HikariDataSource       : HikariPool-1 - Start completed.
2026-04-17T18:11:35.612+05:30  INFO 19056 --- [           main] o.hibernate.jpa.internal.util.LogHelper  : HHH000204: Processing PersistenceUnitInfo [name: default]
2026-04-17T18:11:35.811+05:30  INFO 19056 --- [           main] org.hibernate.Version                    : HHH000412: Hibernate ORM core version 6.3.1.Final
2026-04-17T18:11:35.949+05:30  INFO 19056 --- [           main] o.h.c.internal.RegionFactoryInitiator    : HHH000026: Second-level cache disabled
2026-04-17T18:11:36.807+05:30  INFO 19056 --- [           main] o.s.o.j.p.SpringPersistenceUnitInfo      : No LoadTimeWeaver setup: ignoring JPA class transformer
2026-04-17T18:11:37.012+05:30  WARN 19056 --- [           main] org.hibernate.orm.deprecation            : HHH90000025: MySQL8Dialect does not need to be specified explicitly using 'hibernate.dialect' (remove the property setting and it will be selected by default)
2026-04-17T18:11:37.018+05:30  WARN 19056 --- [           main] org.hibernate.orm.deprecation            : HHH90000026: MySQL8Dialect has been deprecated; use org.hibernate.dialect.MySQLDialect instead
2026-04-17T18:11:38.879+05:30  INFO 19056 --- [           main] o.h.e.t.j.p.i.JtaPlatformInitiator       : HHH000489: No JTA platform available (set 'hibernate.transaction.jta.platform' to enable JTA platform integration)
2026-04-17T18:11:39.118+05:30  INFO 19056 --- [           main] j.LocalContainerEntityManagerFactoryBean : Initialized JPA EntityManagerFactory for persistence unit 'default'
2026-04-17T18:11:40.496+05:30  WARN 19056 --- [           main] JpaBaseConfiguration$JpaWebConfiguration : spring.jpa.open-in-view is enabled by default. Therefore, database queries may be performed during view rendering. Explicitly configure spring.jpa.open-in-view to disable this warning
2026-04-17T18:11:40.537+05:30  WARN 19056 --- [           main] .s.s.UserDetailsServiceAutoConfiguration : 

Using generated security password: 9e19ecd4-f73a-47af-baae-f7c177caa404

This generated password is for development use only. Your security configuration must be updated before running your application in production.

2026-04-17T18:11:41.177+05:30  INFO 19056 --- [           main] o.s.s.web.DefaultSecurityFilterChain     : Will secure any request with [org.springframework.security.web.session.DisableEncodeUrlFilter@1aa64998, org.springframework.security.web.context.request.async.WebAsyncManagerIntegrationFilter@571b4bf6, org.springframework.security.web.context.SecurityContextHolderFilter@1407b93f, org.springframework.security.web.header.HeaderWriterFilter@64e680c5, org.springframework.web.filter.CorsFilter@24ffe853, org.springframework.security.web.authentication.logout.LogoutFilter@1d2aa638, com.ecommerce.security.JwtFilter@99948fe, org.springframework.security.web.savedrequest.RequestCacheAwareFilter@6a5a99d9, org.springframework.security.web.servletapi.SecurityContextHolderAwareRequestFilter@278df226, org.springframework.security.web.authentication.AnonymousAuthenticationFilter@a904e64, org.springframework.security.web.session.SessionManagementFilter@170b27a7, org.springframework.security.web.access.ExceptionTranslationFilter@235b4aea, org.springframework.security.web.access.intercept.AuthorizationFilter@18bab95b]
2026-04-17T18:11:41.745+05:30  INFO 19056 --- [           main] o.s.b.w.embedded.tomcat.TomcatWebServer  : Tomcat started on port 8080 (http) with context path ''
2026-04-17T18:11:41.785+05:30  INFO 19056 --- [           main] com.ecommerce.EcommerceApplication       : Started EcommerceApplication in 11.255 seconds (process running for 11.883)
2026-04-17T19:06:22.440+05:30  WARN 19056 --- [l-1 housekeeper] com.zaxxer.hikari.pool.HikariPool        : HikariPool-1 - Thread starvation or clock leap detected (housekeeper delta=1m45s99ms680µs500ns).
2026-04-17T19:29:06.593+05:30  INFO 19056 --- [nio-8080-exec-1] o.a.c.c.C.[Tomcat].[localhost].[/]       : Initializing Spring DispatcherServlet 'dispatcherServlet'
2026-04-17T19:29:06.594+05:30  INFO 19056 --- [nio-8080-exec-1] o.s.web.servlet.DispatcherServlet        : Initializing Servlet 'dispatcherServlet'
2026-04-17T19:29:06.605+05:30  INFO 19056 --- [nio-8080-exec-1] o.s.web.servlet.DispatcherServlet        : Completed initialization in 10 ms
2026-04-17T19:29:06.656+05:30  WARN 19056 --- [nio-8080-exec-1] o.s.w.s.h.HandlerMappingIntrospector     : Cache miss for REQUEST dispatch to '/api/products' (previous null). Performing MatchableHandlerMapping lookup. This is logged once only at WARN level, and every time at TRACE.
^C